<html>
<body>
<pre>
<h1>礦ision Build Log</h1>
<h2>Project:</h2>
E:\泥人(NiRen)通信模块开发平台\开发资料\泥人TwoHeart系统板\开发资料\NiRen系统板程序例程(未压缩)\《NiRen_TwoHeart系统板》之STM32程序例程\17、泥人TwoHeart－工程模板(v3.5)\Project.uvproj
Project File Date:  10/06/2013

<h2>Output:</h2>
Build target 'Project'
compiling main.c...
compiling stm32f10x_it.c...
compiling misc.c...
compiling stm32f10x_adc.c...
compiling stm32f10x_bkp.c...
compiling stm32f10x_can.c...
compiling stm32f10x_cec.c...
compiling stm32f10x_crc.c...
compiling stm32f10x_dac.c...
compiling stm32f10x_dbgmcu.c...
compiling stm32f10x_dma.c...
compiling stm32f10x_exti.c...
compiling stm32f10x_flash.c...
compiling stm32f10x_fsmc.c...
compiling stm32f10x_gpio.c...
compiling stm32f10x_i2c.c...
compiling stm32f10x_iwdg.c...
compiling stm32f10x_pwr.c...
compiling stm32f10x_rcc.c...
compiling stm32f10x_rtc.c...
compiling stm32f10x_sdio.c...
compiling stm32f10x_spi.c...
compiling stm32f10x_tim.c...
compiling stm32f10x_usart.c...
compiling stm32f10x_wwdg.c...
compiling core_cm3.c...
compiling system_stm32f10x.c...
assembling startup_stm32f10x_md.s...
linking...
Program Size: Code=848 RO-data=268 RW-data=20 ZI-data=1636  
".\USER\Output\Project.axf" - 0 Error(s), 0 Warning(s).
Build target 'Project'
linking...
Program Size: Code=848 RO-data=268 RW-data=20 ZI-data=1636  
".\USER\Output\Project.axf" - 0 Error(s), 0 Warning(s).
